// Jest Snapshot v1, https://goo.gl/fbAQLP

exports[`presents a user 1`] = `
{
  "avatarUrl": null,
  "color": "#FF5C80",
  "createdAt": undefined,
  "id": "123",
  "isAdmin": false,
  "isSuspended": false,
  "isViewer": false,
  "lastActiveAt": undefined,
  "name": "Test User",
  "updatedAt": undefined,
}
`;

exports[`presents a user without slack data 1`] = `
{
  "avatarUrl": null,
  "color": "#FF5C80",
  "createdAt": undefined,
  "id": "123",
  "isAdmin": false,
  "isSuspended": false,
  "isViewer": false,
  "lastActiveAt": undefined,
  "name": "Test User",
  "updatedAt": undefined,
}
`;
